// Jest Snapshot v1, https://goo.gl/fbAQLP

exports[`UrlBar snapshot 1`] = `
<div>
  <div
    className="MuiFormControl-root MuiTextField-root MuiFormControl-marginNormal MuiFormControl-fullWidth"
  >
    <label
      className="MuiFormLabel-root MuiInputLabel-root MuiInputLabel-formControl MuiInputLabel-animated MuiInputLabel-shrink MuiInputLabel-outlined MuiFormLabel-filled"
      data-shrink={true}
      htmlFor="outlined-basic"
      id="outlined-basic-label"
    >
      Launch URL
    </label>
    <div
      className="MuiInputBase-root MuiOutlinedInput-root MuiInputBase-fullWidth MuiInputBase-formControl"
      onClick={[Function]}
    >
      <input
        aria-invalid={false}
        autoFocus={false}
        className="MuiInputBase-input MuiOutlinedInput-input"
        disabled={false}
        id="outlined-basic"
        onAnimationStart={[Function]}
        onBlur={[Function]}
        onChange={[Function]}
        onFocus={[Function]}
        required={false}
        type="text"
        value="http://ende.de"
      />
      <fieldset
        aria-hidden={true}
        className="PrivateNotchedOutline-root-59 MuiOutlinedInput-notchedOutline"
      >
        <legend
          className="PrivateNotchedOutline-legendLabelled-61 PrivateNotchedOutline-legendNotched-62"
        >
          <span>
            Launch URL
          </span>
        </legend>
      </fieldset>
    </div>
  </div>
</div>
`;
